This file contains any messages produced by compilers while
running configure, to aid debugging if configure makes a mistake.

It was created by MCT configure 2.0, which was
generated by GNU Autoconf 2.59.  Invocation command line was

  $ ./configure 

## --------- ##
## Platform. ##
## --------- ##

hostname = kl4
uname -m = x86_64
uname -r = 4.18.0-477.10.1.el8_8.x86_64
uname -s = Linux
uname -v = #1 SMP Wed Apr 5 13:35:01 EDT 2023

/usr/bin/uname -p = x86_64
/bin/uname -X     = unknown

/bin/arch              = x86_64
/usr/bin/arch -k       = unknown
/usr/convex/getsysinfo = unknown
hostinfo               = unknown
/bin/machine           = unknown
/usr/bin/oslevel       = unknown
/bin/universe          = unknown

PATH: /home/erichend/.local/bin
PATH: /home/erichend/bin
PATH: /nopt/nrel/apps/cpu_stack/libraries-intel/06-24/linux-rhel8-sapphirerapids/oneapi-2024.1.0/intel-oneapi-mkl-2024.0.0-wbjxugwhwwsnh6bjtxtdoqasadlq2q5u/mkl/2024.0/bin
PATH: /nopt/nrel/apps/cpu_stack/libraries-craympich/06-24/linux-rhel8-sapphirerapids/oneapi-2023.2.0/netcdf-fortran-4.6.1-dzwy5uqubyodxnvwyj4pimnkm63tx6qy/bin
PATH: /nopt/nrel/apps/cpu_stack/libraries-craympich/06-24/linux-rhel8-sapphirerapids/oneapi-2023.2.0/netcdf-c-4.9.2-3q6roxfm5g7tp77ivfbvvsiqgwmvrzxm/bin
PATH: /nopt/nrel/apps/cpu_stack/libraries-craympich/06-24/linux-rhel8-sapphirerapids/oneapi-2023.2.0/hdf5-1.14.3-fkskka3e4b2qwbhkthxs3vkknhbz4eej/bin
PATH: /nopt/nrel/apps/mpi/08-23/spack/opt/spack/linux-rhel8-icelake/intel-2021.10.0/intel-oneapi-mpi-2021.10.0-7iolquprezbcmmeapg7rlcwfsd4r3rc7/mpi/2021.10.0/libfabric/bin
PATH: /nopt/nrel/apps/mpi/08-23/spack/opt/spack/linux-rhel8-icelake/intel-2021.10.0/intel-oneapi-mpi-2021.10.0-7iolquprezbcmmeapg7rlcwfsd4r3rc7/mpi/2021.10.0/bin
PATH: /nopt/nrel/apps/mpi/08-23/spack/opt/spack/linux-rhel8-icelake/intel-2021.10.0/intel-oneapi-mpi-2021.10.0-7iolquprezbcmmeapg7rlcwfsd4r3rc7/bin
PATH: /nopt/nrel/apps/cpu_stack/compilers/06-24/linux-rhel8-sapphirerapids/gcc-12.3.0/gcc-13.1.0-bmut2ysomhthj6y7oyc73c3cmxye57am/bin
PATH: /nopt/nrel/apps/cpu_stack/compilers/06-24/linux-rhel8-sapphirerapids/gcc-12.3.0/binutils-2.41-453zfqlwuuxu54ixelenvz6pfqucznyn/bin
PATH: /nopt/nrel/apps/cpu_stack/compilers/06-24/linux-rhel8-sapphirerapids/gcc-12.3.0/intel-oneapi-compilers-2023.2.0-52ic5lt6egfvpfkrr2lxy2lvujpy4ay4/compiler/2023.2.0/linux/lib/oclfpga/bin
PATH: /nopt/nrel/apps/cpu_stack/compilers/06-24/linux-rhel8-sapphirerapids/gcc-12.3.0/intel-oneapi-compilers-2023.2.0-52ic5lt6egfvpfkrr2lxy2lvujpy4ay4/compiler/2023.2.0/linux/bin/intel64
PATH: /nopt/nrel/apps/cpu_stack/compilers/06-24/linux-rhel8-sapphirerapids/gcc-12.3.0/intel-oneapi-compilers-2023.2.0-52ic5lt6egfvpfkrr2lxy2lvujpy4ay4/compiler/2023.2.0/linux/bin
PATH: /opt/cray/libfabric/1.15.2.0/bin
PATH: /opt/clmgr/sbin
PATH: /opt/clmgr/bin
PATH: /opt/sgi/sbin
PATH: /opt/sgi/bin
PATH: /nopt/nrel/utils/bin
PATH: /nopt/slurm/current/bin
PATH: /usr/share/Modules/bin
PATH: /usr/local/bin
PATH: /usr/bin
PATH: /usr/local/sbin
PATH: /usr/sbin
PATH: /opt/c3/bin
PATH: /sbin
PATH: /bin


## ----------- ##
## Core tests. ##
## ----------- ##

configure:1624: checking for C compiler version
configure:1627: /nopt/nrel/apps/cpu_stack/compilers/06-24/linux-rhel8-sapphirerapids/gcc-12.3.0/gcc-13.1.0-bmut2ysomhthj6y7oyc73c3cmxye57am/bin/gcc --version </dev/null >&5
gcc (Spack GCC) 13.1.0
Copyright (C) 2023 Free Software Foundation, Inc.
This is free software; see the source for copying conditions.  There is NO
warranty; not even for MERCHANTABILITY or FITNESS FOR A PARTICULAR PURPOSE.

configure:1630: $? = 0
configure:1632: /nopt/nrel/apps/cpu_stack/compilers/06-24/linux-rhel8-sapphirerapids/gcc-12.3.0/gcc-13.1.0-bmut2ysomhthj6y7oyc73c3cmxye57am/bin/gcc -v </dev/null >&5
Reading specs from /nopt/nrel/apps/cpu_stack/compilers/06-24/linux-rhel8-sapphirerapids/gcc-12.3.0/gcc-13.1.0-bmut2ysomhthj6y7oyc73c3cmxye57am/lib/gcc/x86_64-pc-linux-gnu/13.1.0/specs
COLLECT_GCC=/nopt/nrel/apps/cpu_stack/compilers/06-24/linux-rhel8-sapphirerapids/gcc-12.3.0/gcc-13.1.0-bmut2ysomhthj6y7oyc73c3cmxye57am/bin/gcc
COLLECT_LTO_WRAPPER=/nopt/nrel/apps/cpu_stack/compilers/06-24/linux-rhel8-sapphirerapids/gcc-12.3.0/gcc-13.1.0-bmut2ysomhthj6y7oyc73c3cmxye57am/libexec/gcc/x86_64-pc-linux-gnu/13.1.0/lto-wrapper
Target: x86_64-pc-linux-gnu
Configured with: /scratch/warsalan/.spack/stage/spack-stage-gcc-13.1.0-bmut2ysomhthj6y7oyc73c3cmxye57am/spack-src/configure --prefix=/nopt/nrel/apps/cpu_stack/compilers/06-24/linux-rhel8-sapphirerapids/gcc-12.3.0/gcc-13.1.0-bmut2ysomhthj6y7oyc73c3cmxye57am --with-pkgversion='Spack GCC' --with-bugurl=https://github.com/spack/spack/issues --disable-multilib --enable-languages=c,c++,fortran --disable-nls --disable-canonical-system-headers --with-system-zlib --with-zstd-include=/nopt/nrel/apps/cpu_stack/compilers/06-24/linux-rhel8-sapphirerapids/gcc-12.3.0/zstd-1.5.6-ccqe7ba5r4exi3oza7awhxas27geswcp/include --with-zstd-lib=/nopt/nrel/apps/cpu_stack/compilers/06-24/linux-rhel8-sapphirerapids/gcc-12.3.0/zstd-1.5.6-ccqe7ba5r4exi3oza7awhxas27geswcp/lib --with-gnu-ld --with-ld=/nopt/nrel/apps/cpu_stack/compilers/06-24/linux-rhel8-sapphirerapids/gcc-12.3.0/binutils-2.41-453zfqlwuuxu54ixelenvz6pfqucznyn/bin/ld --with-gnu-as --with-as=/nopt/nrel/apps/cpu_stack/compilers/06-24/linux-rhel8-sapphirerapids/gcc-12.3.0/binutils-2.41-453zfqlwuuxu54ixelenvz6pfqucznyn/bin/as --enable-bootstrap --with-mpfr-include=/nopt/nrel/apps/cpu_stack/compilers/06-24/linux-rhel8-sapphirerapids/gcc-12.3.0/mpfr-4.2.1-7klfsmzia243wy5hj52xc22n66w3dxaa/include --with-mpfr-lib=/nopt/nrel/apps/cpu_stack/compilers/06-24/linux-rhel8-sapphirerapids/gcc-12.3.0/mpfr-4.2.1-7klfsmzia243wy5hj52xc22n66w3dxaa/lib --with-gmp-include=/nopt/nrel/apps/cpu_stack/compilers/06-24/linux-rhel8-sapphirerapids/gcc-12.3.0/gmp-6.2.1-hlktjrdw5oz3basnxywnlkoa4iw53ftt/include --with-gmp-lib=/nopt/nrel/apps/cpu_stack/compilers/06-24/linux-rhel8-sapphirerapids/gcc-12.3.0/gmp-6.2.1-hlktjrdw5oz3basnxywnlkoa4iw53ftt/lib --with-mpc-include=/nopt/nrel/apps/cpu_stack/compilers/06-24/linux-rhel8-sapphirerapids/gcc-12.3.0/mpc-1.3.1-onf5u525i6pib2r7bbqmfepnwes24azd/include --with-mpc-lib=/nopt/nrel/apps/cpu_stack/compilers/06-24/linux-rhel8-sapphirerapids/gcc-12.3.0/mpc-1.3.1-onf5u525i6pib2r7bbqmfepnwes24azd/lib --without-isl --with-stage1-ldflags='-Wl,-rpath,/nopt/nrel/apps/cpu_stack/compilers/06-24/linux-rhel8-sapphirerapids/gcc-12.3.0/gcc-13.1.0-bmut2ysomhthj6y7oyc73c3cmxye57am/lib -Wl,-rpath,/nopt/nrel/apps/cpu_stack/compilers/06-24/linux-rhel8-sapphirerapids/gcc-12.3.0/gcc-13.1.0-bmut2ysomhthj6y7oyc73c3cmxye57am/lib64 -Wl,-rpath,/nopt/nrel/apps/cpu_stack/compilers/06-24/linux-rhel8-sapphirerapids/gcc-12.3.0/binutils-2.41-453zfqlwuuxu54ixelenvz6pfqucznyn/lib -Wl,-rpath,/nopt/nrel/apps/cpu_stack/compilers/06-24/linux-rhel8-sapphirerapids/gcc-12.3.0/gcc-runtime-12.3.0-kzpefsblqdes2zu7r4jxycz4tqq24t22/lib -Wl,-rpath,/usr/lib -Wl,-rpath,/nopt/nrel/apps/cpu_stack/compilers/06-24/linux-rhel8-sapphirerapids/gcc-12.3.0/gmp-6.2.1-hlktjrdw5oz3basnxywnlkoa4iw53ftt/lib -Wl,-rpath,/nopt/nrel/apps/cpu_stack/compilers/06-24/linux-rhel8-sapphirerapids/gcc-12.3.0/mpc-1.3.1-onf5u525i6pib2r7bbqmfepnwes24azd/lib -Wl,-rpath,/nopt/nrel/apps/cpu_stack/compilers/06-24/linux-rhel8-sapphirerapids/gcc-12.3.0/mpfr-4.2.1-7klfsmzia243wy5hj52xc22n66w3dxaa/lib -Wl,-rpath,/nopt/nrel/apps/cpu_stack/compilers/06-24/linux-rhel8-sapphirerapids/gcc-12.3.0/zlib-ng-2.1.6-onz3uqgwsazl3jgfb5lp4hrrjrmbc2bb/lib -Wl,-rpath,/nopt/nrel/apps/cpu_stack/compilers/06-24/linux-rhel8-sapphirerapids/gcc-12.3.0/zstd-1.5.6-ccqe7ba5r4exi3oza7awhxas27geswcp/lib -Wl,-rpath,/usr/lib64' --with-boot-ldflags='-Wl,-rpath,/nopt/nrel/apps/cpu_stack/compilers/06-24/linux-rhel8-sapphirerapids/gcc-12.3.0/gcc-13.1.0-bmut2ysomhthj6y7oyc73c3cmxye57am/lib -Wl,-rpath,/nopt/nrel/apps/cpu_stack/compilers/06-24/linux-rhel8-sapphirerapids/gcc-12.3.0/gcc-13.1.0-bmut2ysomhthj6y7oyc73c3cmxye57am/lib64 -Wl,-rpath,/nopt/nrel/apps/cpu_stack/compilers/06-24/linux-rhel8-sapphirerapids/gcc-12.3.0/binutils-2.41-453zfqlwuuxu54ixelenvz6pfqucznyn/lib -Wl,-rpath,/nopt/nrel/apps/cpu_stack/compilers/06-24/linux-rhel8-sapphirerapids/gcc-12.3.0/gcc-runtime-12.3.0-kzpefsblqdes2zu7r4jxycz4tqq24t22/lib -Wl,-rpath,/usr/lib -Wl,-rpath,/nopt/nrel/apps/cpu_stack/compilers/06-24/linux-rhel8-sapphirerapids/gcc-12.3.0/gmp-6.2.1-hlktjrdw5oz3basnxywnlkoa4iw53ftt/lib -Wl,-rpath,/nopt/nrel/apps/cpu_stack/compilers/06-24/linux-rhel8-sapphirerapids/gcc-12.3.0/mpc-1.3.1-onf5u525i6pib2r7bbqmfepnwes24azd/lib -Wl,-rpath,/nopt/nrel/apps/cpu_stack/compilers/06-24/linux-rhel8-sapphirerapids/gcc-12.3.0/mpfr-4.2.1-7klfsmzia243wy5hj52xc22n66w3dxaa/lib -Wl,-rpath,/nopt/nrel/apps/cpu_stack/compilers/06-24/linux-rhel8-sapphirerapids/gcc-12.3.0/zlib-ng-2.1.6-onz3uqgwsazl3jgfb5lp4hrrjrmbc2bb/lib -Wl,-rpath,/nopt/nrel/apps/cpu_stack/compilers/06-24/linux-rhel8-sapphirerapids/gcc-12.3.0/zstd-1.5.6-ccqe7ba5r4exi3oza7awhxas27geswcp/lib -Wl,-rpath,/usr/lib64 -static-libstdc++ -static-libgcc' --with-build-config=spack
Thread model: posix
Supported LTO compression algorithms: zlib zstd
gcc version 13.1.0 (Spack GCC) 
configure:1635: $? = 0
configure:1637: /nopt/nrel/apps/cpu_stack/compilers/06-24/linux-rhel8-sapphirerapids/gcc-12.3.0/gcc-13.1.0-bmut2ysomhthj6y7oyc73c3cmxye57am/bin/gcc -V </dev/null >&5
gcc: error: unrecognized command-line option '-V'
gcc: fatal error: no input files
compilation terminated.
configure:1640: $? = 1
configure:1663: checking for C compiler default output file name
configure:1666: /nopt/nrel/apps/cpu_stack/compilers/06-24/linux-rhel8-sapphirerapids/gcc-12.3.0/gcc-13.1.0-bmut2ysomhthj6y7oyc73c3cmxye57am/bin/gcc    conftest.c  >&5
configure:1669: $? = 0
configure:1715: result: a.out
configure:1720: checking whether the C compiler works
configure:1726: ./a.out
configure:1729: $? = 0
configure:1746: result: yes
configure:1753: checking whether we are cross compiling
configure:1755: result: no
configure:1758: checking for suffix of executables
configure:1760: /nopt/nrel/apps/cpu_stack/compilers/06-24/linux-rhel8-sapphirerapids/gcc-12.3.0/gcc-13.1.0-bmut2ysomhthj6y7oyc73c3cmxye57am/bin/gcc -o conftest    conftest.c  >&5
configure:1763: $? = 0
configure:1788: result: 
configure:1794: checking for suffix of object files
configure:1815: /nopt/nrel/apps/cpu_stack/compilers/06-24/linux-rhel8-sapphirerapids/gcc-12.3.0/gcc-13.1.0-bmut2ysomhthj6y7oyc73c3cmxye57am/bin/gcc -c   conftest.c >&5
configure:1818: $? = 0
configure:1840: result: o
configure:1844: checking whether we are using the GNU C compiler
configure:1868: /nopt/nrel/apps/cpu_stack/compilers/06-24/linux-rhel8-sapphirerapids/gcc-12.3.0/gcc-13.1.0-bmut2ysomhthj6y7oyc73c3cmxye57am/bin/gcc -c   conftest.c >&5
configure:1874: $? = 0
configure:1878: test -z 
			 || test ! -s conftest.err
configure:1881: $? = 0
configure:1884: test -s conftest.o
configure:1887: $? = 0
configure:1900: result: yes
configure:1906: checking whether /nopt/nrel/apps/cpu_stack/compilers/06-24/linux-rhel8-sapphirerapids/gcc-12.3.0/gcc-13.1.0-bmut2ysomhthj6y7oyc73c3cmxye57am/bin/gcc accepts -g
configure:1927: /nopt/nrel/apps/cpu_stack/compilers/06-24/linux-rhel8-sapphirerapids/gcc-12.3.0/gcc-13.1.0-bmut2ysomhthj6y7oyc73c3cmxye57am/bin/gcc -c -g  conftest.c >&5
configure:1933: $? = 0
configure:1937: test -z 
			 || test ! -s conftest.err
configure:1940: $? = 0
configure:1943: test -s conftest.o
configure:1946: $? = 0
configure:1957: result: yes
configure:1974: checking for /nopt/nrel/apps/cpu_stack/compilers/06-24/linux-rhel8-sapphirerapids/gcc-12.3.0/gcc-13.1.0-bmut2ysomhthj6y7oyc73c3cmxye57am/bin/gcc option to accept ANSI C
configure:2044: /nopt/nrel/apps/cpu_stack/compilers/06-24/linux-rhel8-sapphirerapids/gcc-12.3.0/gcc-13.1.0-bmut2ysomhthj6y7oyc73c3cmxye57am/bin/gcc  -c -g -O2  conftest.c >&5
configure:2050: $? = 0
configure:2054: test -z 
			 || test ! -s conftest.err
configure:2057: $? = 0
configure:2060: test -s conftest.o
configure:2063: $? = 0
configure:2081: result: none needed
configure:2099: /nopt/nrel/apps/cpu_stack/compilers/06-24/linux-rhel8-sapphirerapids/gcc-12.3.0/gcc-13.1.0-bmut2ysomhthj6y7oyc73c3cmxye57am/bin/gcc -c -g -O2  conftest.c >&5
conftest.c:2:3: error: unknown type name 'choke'
    2 |   choke me
      |   ^~~~~
conftest.c:2:3: error: expected '=', ',', ';', 'asm' or '__attribute__' at end of input
configure:2105: $? = 1
configure: failed program was:
| #ifndef __cplusplus
|   choke me
| #endif
configure:2291: checking for xlf90
configure:2320: result: no
configure:2291: checking for pgf90
configure:2320: result: no
configure:2291: checking for ifort
configure:2307: found /nopt/nrel/apps/cpu_stack/compilers/06-24/linux-rhel8-sapphirerapids/gcc-12.3.0/intel-oneapi-compilers-2023.2.0-52ic5lt6egfvpfkrr2lxy2lvujpy4ay4/compiler/2023.2.0/linux/bin/intel64/ifort
configure:2317: result: ifort
configure:2333: checking Fortran 90 filename extension
configure:2345: ifort -c  conftest.F90 >&5
configure:2348: $? = 0
configure:2351: test -s conftest.o
configure:2354: $? = 0
configure:2356: result: .F90
configure:2369: checking for Fortran 90 compiler version
configure:2372: ifort --version </dev/null >&5
ifort (IFORT) 2021.10.0 20230609
Copyright (C) 1985-2023 Intel Corporation.  All rights reserved.

configure:2375: $? = 0
configure:2377: ifort -v </dev/null >&5
ifort version 2021.10.0
/nopt/nrel/apps/cpu_stack/base/06-24/linux-rhel8-sapphirerapids/gcc-12.2.1/binutils-2.42-iycwtx3hbypbzv7pufvbajp7d4wjxr6t/bin/ld    /lib/../lib64/crt1.o /lib/../lib64/crti.o /nopt/nrel/apps/cpu_stack/base/06-24/linux-rhel8-sapphirerapids/gcc-12.2.1/gcc-12.3.0-62f7dh43lwzizxdu73oyjxacbk4rfx5u/lib/gcc/x86_64-pc-linux-gnu/12.3.0/crtbegin.o --eh-frame-hdr --build-id -dynamic-linker /lib64/ld-linux-x86-64.so.2 -m elf_x86_64 -plugin /nopt/nrel/apps/cpu_stack/compilers/06-24/linux-rhel8-sapphirerapids/gcc-12.3.0/intel-oneapi-compilers-2023.2.0-52ic5lt6egfvpfkrr2lxy2lvujpy4ay4/compiler/2023.2.0/linux/bin/intel64/../../bin/intel64/../../lib/icx-lto.so -o a.out /nopt/nrel/apps/cpu_stack/compilers/06-24/linux-rhel8-sapphirerapids/gcc-12.3.0/intel-oneapi-compilers-2023.2.0-52ic5lt6egfvpfkrr2lxy2lvujpy4ay4/compiler/2023.2.0/linux/bin/intel64/../../compiler/lib/intel64_lin/for_main.o -L/nopt/nrel/apps/cpu_stack/libraries-intel/06-24/linux-rhel8-sapphirerapids/oneapi-2024.1.0/intel-oneapi-mkl-2024.0.0-wbjxugwhwwsnh6bjtxtdoqasadlq2q5u/mkl/2024.0/lib -L/nopt/nrel/apps/cpu_stack/libraries-intel/06-24/linux-rhel8-sapphirerapids/oneapi-2024.1.0/intel-oneapi-tbb-2021.10.0-vcmx4aufm7ezj4ztuvrze4lhjp4kti7v/tbb/2021.10.0/env/../lib/intel64/gcc4.8 -L/nopt/nrel/apps/mpi/08-23/spack/opt/spack/linux-rhel8-icelake/intel-2021.10.0/intel-oneapi-mpi-2021.10.0-7iolquprezbcmmeapg7rlcwfsd4r3rc7/mpi/2021.10.0/libfabric/lib -L/nopt/nrel/apps/mpi/08-23/spack/opt/spack/linux-rhel8-icelake/intel-2021.10.0/intel-oneapi-mpi-2021.10.0-7iolquprezbcmmeapg7rlcwfsd4r3rc7/mpi/2021.10.0/lib/release -L/nopt/nrel/apps/mpi/08-23/spack/opt/spack/linux-rhel8-icelake/intel-2021.10.0/intel-oneapi-mpi-2021.10.0-7iolquprezbcmmeapg7rlcwfsd4r3rc7/mpi/2021.10.0/lib -L/nopt/nrel/apps/cpu_stack/compilers/06-24/linux-rhel8-sapphirerapids/gcc-12.3.0/intel-oneapi-compilers-2023.2.0-52ic5lt6egfvpfkrr2lxy2lvujpy4ay4/compiler/2023.2.0/linux/compiler/lib/intel64_lin -L/nopt/nrel/apps/cpu_stack/compilers/06-24/linux-rhel8-sapphirerapids/gcc-12.3.0/intel-oneapi-compilers-2023.2.0-52ic5lt6egfvpfkrr2lxy2lvujpy4ay4/compiler/2023.2.0/linux/lib -L/nopt/nrel/apps/cpu_stack/compilers/06-24/linux-rhel8-sapphirerapids/gcc-12.3.0/intel-oneapi-compilers-2023.2.0-52ic5lt6egfvpfkrr2lxy2lvujpy4ay4/compiler/2023.2.0/linux/bin/intel64/../../compiler/lib/intel64_lin -L/nopt/nrel/apps/cpu_stack/base/06-24/linux-rhel8-sapphirerapids/gcc-12.2.1/binutils-2.42-iycwtx3hbypbzv7pufvbajp7d4wjxr6t/bin/ -L/nopt/nrel/apps/cpu_stack/base/06-24/linux-rhel8-sapphirerapids/gcc-12.2.1/gcc-12.3.0-62f7dh43lwzizxdu73oyjxacbk4rfx5u/lib/gcc/x86_64-pc-linux-gnu/12.3.0/ -L/nopt/nrel/apps/cpu_stack/base/06-24/linux-rhel8-sapphirerapids/gcc-12.2.1/gcc-12.3.0-62f7dh43lwzizxdu73oyjxacbk4rfx5u/lib/gcc/x86_64-pc-linux-gnu/12.3.0/../../../../lib64 -L/nopt/nrel/apps/cpu_stack/base/06-24/linux-rhel8-sapphirerapids/gcc-12.2.1/gcc-12.3.0-62f7dh43lwzizxdu73oyjxacbk4rfx5u/lib/gcc/x86_64-pc-linux-gnu/12.3.0/../../../../lib64/ -L/lib/../lib64 -L/lib/../lib64/ -L/usr/lib/../lib64 -L/usr/lib/../lib64/ -L/nopt/nrel/apps/cpu_stack/libraries-intel/06-24/linux-rhel8-sapphirerapids/oneapi-2024.1.0/intel-oneapi-mkl-2024.0.0-wbjxugwhwwsnh6bjtxtdoqasadlq2q5u/mkl/2024.0/lib/ -L/nopt/nrel/apps/cpu_stack/libraries-intel/06-24/linux-rhel8-sapphirerapids/oneapi-2024.1.0/intel-oneapi-tbb-2021.10.0-vcmx4aufm7ezj4ztuvrze4lhjp4kti7v/tbb/2021.10.0/env/../lib/intel64/gcc4.8/ -L/nopt/nrel/apps/mpi/08-23/spack/opt/spack/linux-rhel8-icelake/intel-2021.10.0/intel-oneapi-mpi-2021.10.0-7iolquprezbcmmeapg7rlcwfsd4r3rc7/mpi/2021.10.0/libfabric/lib/ -L/nopt/nrel/apps/mpi/08-23/spack/opt/spack/linux-rhel8-icelake/intel-2021.10.0/intel-oneapi-mpi-2021.10.0-7iolquprezbcmmeapg7rlcwfsd4r3rc7/mpi/2021.10.0/lib/release/ -L/nopt/nrel/apps/mpi/08-23/spack/opt/spack/linux-rhel8-icelake/intel-2021.10.0/intel-oneapi-mpi-2021.10.0-7iolquprezbcmmeapg7rlcwfsd4r3rc7/mpi/2021.10.0/lib/ -L/nopt/nrel/apps/cpu_stack/compilers/06-24/linux-rhel8-sapphirerapids/gcc-12.3.0/intel-oneapi-compilers-2023.2.0-52ic5lt6egfvpfkrr2lxy2lvujpy4ay4/compiler/2023.2.0/linux/compiler/lib/intel64_lin/ -L/nopt/nrel/apps/cpu_stack/compilers/06-24/linux-rhel8-sapphirerapids/gcc-12.3.0/intel-oneapi-compilers-2023.2.0-52ic5lt6egfvpfkrr2lxy2lvujpy4ay4/compiler/2023.2.0/linux/lib/ -L/nopt/nrel/apps/cpu_stack/base/06-24/linux-rhel8-sapphirerapids/gcc-12.2.1/gcc-12.3.0-62f7dh43lwzizxdu73oyjxacbk4rfx5u/lib/gcc/x86_64-pc-linux-gnu/12.3.0/../../../ -L/lib64 -L/lib/ -L/usr/lib64 -L/usr/lib -rpath /nopt/nrel/apps/cpu_stack/compilers/06-24/linux-rhel8-sapphirerapids/gcc-12.3.0/intel-oneapi-compilers-2023.2.0-52ic5lt6egfvpfkrr2lxy2lvujpy4ay4/compiler/2023.2.0/linux/lib -rpath /nopt/nrel/apps/cpu_stack/compilers/06-24/linux-rhel8-sapphirerapids/gcc-12.3.0/intel-oneapi-compilers-2023.2.0-52ic5lt6egfvpfkrr2lxy2lvujpy4ay4/compiler/2023.2.0/linux/lib/x64 -rpath /nopt/nrel/apps/cpu_stack/compilers/06-24/linux-rhel8-sapphirerapids/gcc-12.3.0/intel-oneapi-compilers-2023.2.0-52ic5lt6egfvpfkrr2lxy2lvujpy4ay4/compiler/2023.2.0/linux/lib/oclfpga/host/linux64/lib -rpath /nopt/nrel/apps/cpu_stack/compilers/06-24/linux-rhel8-sapphirerapids/gcc-12.3.0/intel-oneapi-compilers-2023.2.0-52ic5lt6egfvpfkrr2lxy2lvujpy4ay4/compiler/2023.2.0/linux/lib/oclfpga/linux64/lib -rpath /nopt/nrel/apps/cpu_stack/compilers/06-24/linux-rhel8-sapphirerapids/gcc-12.3.0/intel-oneapi-compilers-2023.2.0-52ic5lt6egfvpfkrr2lxy2lvujpy4ay4/compiler/2023.2.0/linux/compiler/lib/intel64_lin -Bdynamic -Bstatic -lifport -lifcoremt -limf -lsvml -Bdynamic -lm -Bstatic -lipgo -lirc -Bdynamic -lpthread -Bstatic -lsvml -Bdynamic -lc -lgcc -lgcc_s -Bstatic -lirc_s -Bdynamic -ldl -lc /nopt/nrel/apps/cpu_stack/base/06-24/linux-rhel8-sapphirerapids/gcc-12.2.1/gcc-12.3.0-62f7dh43lwzizxdu73oyjxacbk4rfx5u/lib/gcc/x86_64-pc-linux-gnu/12.3.0/crtend.o /lib/../lib64/crtn.o
/nopt/nrel/apps/cpu_stack/base/06-24/linux-rhel8-sapphirerapids/gcc-12.2.1/binutils-2.42-iycwtx3hbypbzv7pufvbajp7d4wjxr6t/bin/ld: /nopt/nrel/apps/cpu_stack/compilers/06-24/linux-rhel8-sapphirerapids/gcc-12.3.0/intel-oneapi-compilers-2023.2.0-52ic5lt6egfvpfkrr2lxy2lvujpy4ay4/compiler/2023.2.0/linux/bin/intel64/../../compiler/lib/intel64_lin/for_main.o: in function `main':
for_main.c:(.text+0x19): undefined reference to `MAIN__'
configure:2380: $? = 1
configure:2382: ifort -V </dev/null >&5
Intel(R) Fortran Intel(R) 64 Compiler Classic for applications running on Intel(R) 64, Version 2021.10.0 Build 20230609_000000
Copyright (C) 1985-2023 Intel Corporation.  All rights reserved.

GNU ld (GNU Binutils) 2.42
/nopt/nrel/apps/cpu_stack/base/06-24/linux-rhel8-sapphirerapids/gcc-12.2.1/binutils-2.42-iycwtx3hbypbzv7pufvbajp7d4wjxr6t/bin/ld: /nopt/nrel/apps/cpu_stack/compilers/06-24/linux-rhel8-sapphirerapids/gcc-12.3.0/intel-oneapi-compilers-2023.2.0-52ic5lt6egfvpfkrr2lxy2lvujpy4ay4/compiler/2023.2.0/linux/bin/intel64/../../compiler/lib/intel64_lin/for_main.o: in function `main':
for_main.c:(.text+0x19): undefined reference to `MAIN__'
configure:2385: $? = 1
configure:2392: checking whether we are using the GNU Fortran 90 compiler
configure:2409: ifort -c  conftest.F90 >&5
conftest.F90(5): error #5082: Syntax error, found IDENTIFIER 'ME' when expecting one of: ( : % [ . = =>
       choke me
-------------^
compilation aborted for conftest.F90 (code 1)
configure:2415: $? = 1
configure: failed program was:
| 
| program main
| 
| #ifndef __GNUC__
|        choke me
| #endif
| 
| end program main
| 
configure:2441: result: no
configure:2478: checking for mpxlf90_r
configure:2507: result: no
configure:2478: checking for mpxlf90
configure:2507: result: no
configure:2478: checking for mpxlf95
configure:2507: result: no
configure:2478: checking for mpif90
configure:2494: found /nopt/nrel/apps/mpi/08-23/spack/opt/spack/linux-rhel8-icelake/intel-2021.10.0/intel-oneapi-mpi-2021.10.0-7iolquprezbcmmeapg7rlcwfsd4r3rc7/mpi/2021.10.0/bin/mpif90
configure:2504: result: mpif90
configure:2521: checking for MPI_Init
configure:2532: mpif90 -o conftest    conftest.F90  >&5
configure:2538: $? = 0
configure:2542: test -z 
			 || test ! -s conftest.err
configure:2545: $? = 0
configure:2548: test -s conftest
configure:2551: $? = 0
configure:2554: result: yes
configure:2681: checking for mpif.h
configure:2692: mpif90 -c  conftest.F90 >&5
configure:2698: $? = 0
configure:2702: test -z 
			 || test ! -s conftest.err
configure:2705: $? = 0
configure:2708: test -s conftest.o
configure:2711: $? = 0
configure:2713: result: yes
configure:2787: /nopt/nrel/apps/cpu_stack/compilers/06-24/linux-rhel8-sapphirerapids/gcc-12.3.0/gcc-13.1.0-bmut2ysomhthj6y7oyc73c3cmxye57am/bin/gfortran -c  conftest.F90 >&5
configure:2793: $? = 0
configure:2797: test -z 
			 || test ! -s conftest.err
configure:2800: $? = 0
configure:2803: test -s conftest.o
configure:2806: $? = 0
configure:2824: checking how to get the version output from ifort
configure:2839: ifort -c  conftest.F90 >&5
configure:2845: $? = 0
configure:2849: test -z 
			 || test ! -s conftest.err
configure:2852: $? = 0
configure:2855: test -s conftest.o
configure:2858: $? = 0
configure:2881: ifort -o conftest  -V   conftest.F90  >&5
Intel(R) Fortran Intel(R) 64 Compiler Classic for applications running on Intel(R) 64, Version 2021.10.0 Build 20230609_000000
Copyright (C) 1985-2023 Intel Corporation.  All rights reserved.

 Intel(R) Fortran 2021.10.0-1769.02
GNU ld (GNU Binutils) 2.42
configure:2916: result: -V
configure:2930: checking whether byte ordering is bigendian
configure:2957: /nopt/nrel/apps/cpu_stack/compilers/06-24/linux-rhel8-sapphirerapids/gcc-12.3.0/gcc-13.1.0-bmut2ysomhthj6y7oyc73c3cmxye57am/bin/gcc -c -g -O2  conftest.c >&5
configure:2963: $? = 0
configure:2967: test -z 
			 || test ! -s conftest.err
configure:2970: $? = 0
configure:2973: test -s conftest.o
configure:2976: $? = 0
configure:3000: /nopt/nrel/apps/cpu_stack/compilers/06-24/linux-rhel8-sapphirerapids/gcc-12.3.0/gcc-13.1.0-bmut2ysomhthj6y7oyc73c3cmxye57am/bin/gcc -c -g -O2  conftest.c >&5
conftest.c: In function 'main':
conftest.c:17:2: error: unknown type name 'not'; did you mean 'ino_t'?
   17 |  not big endian
      |  ^~~
      |  ino_t
conftest.c:17:10: error: expected '=', ',', ';', 'asm' or '__attribute__' before 'endian'
   17 |  not big endian
      |          ^~~~~~
configure:3006: $? = 1
configure: failed program was:
| /* confdefs.h.  */
| 
| #define PACKAGE_NAME "MCT"
| #define PACKAGE_TARNAME "mct"
| #define PACKAGE_VERSION "2.0"
| #define PACKAGE_STRING "MCT 2.0"
| #define PACKAGE_BUGREPORT ""
| #define HAVE_MPI 1
| /* end confdefs.h.  */
| #include <sys/types.h>
| #include <sys/param.h>
| 
| int
| main ()
| {
| #if BYTE_ORDER != BIG_ENDIAN
|  not big endian
| #endif
| 
|   ;
|   return 0;
| }
configure:3141: result: no
configure:3173: checking whether fortran .mod file is uppercase
configure:3190: /nopt/nrel/apps/cpu_stack/compilers/06-24/linux-rhel8-sapphirerapids/gcc-12.3.0/gcc-13.1.0-bmut2ysomhthj6y7oyc73c3cmxye57am/bin/gfortran -c  conftest.F90 >&5
configure:3196: $? = 0
configure:3200: test -z 
			 || test ! -s conftest.err
configure:3203: $? = 0
configure:3206: test -s conftest.o
configure:3209: $? = 0
configure:3231: result: no
configure:3257: checking for Fortran 90 name-mangling scheme
configure:3276: /nopt/nrel/apps/cpu_stack/compilers/06-24/linux-rhel8-sapphirerapids/gcc-12.3.0/gcc-13.1.0-bmut2ysomhthj6y7oyc73c3cmxye57am/bin/gcc -c -g -O2  conftest.c >&5
configure:3282: $? = 0
configure:3286: test -z 
			 || test ! -s conftest.err
configure:3289: $? = 0
configure:3292: test -s conftest.o
configure:3295: $? = 0
configure:3320: /nopt/nrel/apps/cpu_stack/compilers/06-24/linux-rhel8-sapphirerapids/gcc-12.3.0/gcc-13.1.0-bmut2ysomhthj6y7oyc73c3cmxye57am/bin/gfortran -o conftest    conftest.F90 cf90_test.o   >&5
configure:3326: $? = 0
configure:3330: test -z 
			 || test ! -s conftest.err
configure:3333: $? = 0
configure:3336: test -s conftest
configure:3339: $? = 0
configure:3400: result: lower case, underscore
configure:3431: checking for cpp
configure:3447: found /nopt/nrel/apps/cpu_stack/compilers/06-24/linux-rhel8-sapphirerapids/gcc-12.3.0/gcc-13.1.0-bmut2ysomhthj6y7oyc73c3cmxye57am/bin/cpp
configure:3457: result: cpp
configure:3489: checking if Fortran 90 compiler performs preprocessing
configure:3518: /nopt/nrel/apps/cpu_stack/compilers/06-24/linux-rhel8-sapphirerapids/gcc-12.3.0/gcc-13.1.0-bmut2ysomhthj6y7oyc73c3cmxye57am/bin/gfortran -Daardvark -c  conftest.F90 >&5
configure:3524: $? = 0
configure:3528: test -z 
			 || test ! -s conftest.err
configure:3531: $? = 0
configure:3534: test -s conftest.o
configure:3537: $? = 0
configure:3551: result: yes
configure:3560: checking if C preprocessor can work with Fortran compiler
configure:3598: cpp -Daardvark -P -C -N -traditional conftest.bar conftest.f90
configure:3601: $? = 0
configure:3624: /nopt/nrel/apps/cpu_stack/compilers/06-24/linux-rhel8-sapphirerapids/gcc-12.3.0/gcc-13.1.0-bmut2ysomhthj6y7oyc73c3cmxye57am/bin/gfortran -c  conftest.f90 >&5
conftest.f90:1:2:

    1 | /* Copyright (C) 1991-2018 Free Software Foundation, Inc.
      |  1
Error: Invalid character in name at (1)
conftest.f90:15:45:

   15 |    License along with the GNU C Library; if not, see
      |                                             1
Error: Missing '(' in IF-expression at (1)
conftest.f90:16:5:

   16 |    <http://www.gnu.org/licenses/>.  */
      |     1
Error: Invalid character in name at (1)
conftest.f90:19:2:

   19 | /* This header is separate from features.h so that the compiler can
      |  1
Error: Invalid character in name at (1)
conftest.f90:22:5:

   22 |    <features.h> because the implicit include comes before any feature
      |     1
Error: Invalid character in name at (1)
conftest.f90:27:2:

   27 | /* glibc's intent is to support the IEC 559 math functionality, real
      |  1
Error: Invalid character in name at (1)
conftest.f90:36:2:

   36 | /* wchar_t uses Unicode 10.0.0.  Version 10.0 of the Unicode Standard is
      |  1
Error: Invalid character in name at (1)
configure:3630: $? = 1
configure: failed program was:
| /* Copyright (C) 1991-2018 Free Software Foundation, Inc.
|    This file is part of the GNU C Library.
| 
|    The GNU C Library is free software; you can redistribute it and/or
|    modify it under the terms of the GNU Lesser General Public
|    License as published by the Free Software Foundation; either
|    version 2.1 of the License, or (at your option) any later version.
| 
|    The GNU C Library is distributed in the hope that it will be useful,
|    but WITHOUT ANY WARRANTY; without even the implied warranty of
|    MERCHANTABILITY or FITNESS FOR A PARTICULAR PURPOSE.  See the GNU
|    Lesser General Public License for more details.
| 
|    You should have received a copy of the GNU Lesser General Public
|    License along with the GNU C Library; if not, see
|    <http://www.gnu.org/licenses/>.  */
| 
| 
| /* This header is separate from features.h so that the compiler can
|    include it implicitly at the start of every compilation.  It must
|    not itself include <features.h> or any other header that includes
|    <features.h> because the implicit include comes before any feature
|    test macros that may be defined in a source file before it first
|    explicitly includes a system header.  GCC knows the name of this
|    header in order to preinclude it.  */
| 
| /* glibc's intent is to support the IEC 559 math functionality, real
|    and complex.  If the GCC (4.9 and later) predefined macros
|    specifying compiler intent are available, use them to determine
|    whether the overall intent is to support these features; otherwise,
|    presume an older compiler has intent to support these features and
|    define these macros by default.  */
| 
| 
| 
| /* wchar_t uses Unicode 10.0.0.  Version 10.0 of the Unicode Standard is
|    synchronized with ISO/IEC 10646:2017, fifth edition, plus
|    the following additions from Amendment 1 to the fifth edition:
|    - 56 emoji characters
|    - 285 hentaigana
|    - 3 additional Zanabazar Square characters */
| 
| 
| program main
| 
|   implicit none
|   character(len=25) :: ch  ! '
|   ch="Does this test &
| !Comment-Line
|           &work? "// &
|           "YES!"
| 
| 
| end program main
| 
configure:3654: result: no
configure:4189: creating ./config.status

## ---------------------- ##
## Running config.status. ##
## ---------------------- ##

This file was extended by MCT config.status 2.0, which was
generated by GNU Autoconf 2.59.  Invocation command line was

  CONFIG_FILES    = 
  CONFIG_HEADERS  = 
  CONFIG_LINKS    = 
  CONFIG_COMMANDS = 
  $ ./config.status 

on kl4

config.status:660: creating Makefile.conf

## ---------------- ##
## Cache variables. ##
## ---------------- ##

ac_cv_c_bigendian=no
ac_cv_c_compiler_gnu=yes
ac_cv_env_ALLCFLAGS_set=
ac_cv_env_ALLCFLAGS_value=
ac_cv_env_AR_set=
ac_cv_env_AR_value=
ac_cv_env_BABELROOT_set=
ac_cv_env_BABELROOT_value=
ac_cv_env_BIT64_set=
ac_cv_env_BIT64_value=
ac_cv_env_CC_set=set
ac_cv_env_CC_value=/nopt/nrel/apps/cpu_stack/compilers/06-24/linux-rhel8-sapphirerapids/gcc-12.3.0/gcc-13.1.0-bmut2ysomhthj6y7oyc73c3cmxye57am/bin/gcc
ac_cv_env_CFLAGS_set=
ac_cv_env_CFLAGS_value=
ac_cv_env_COMPILER_ROOT_set=
ac_cv_env_COMPILER_ROOT_value=
ac_cv_env_CPPFLAGS_set=
ac_cv_env_CPPFLAGS_value=
ac_cv_env_ENDIAN_set=
ac_cv_env_ENDIAN_value=
ac_cv_env_F90FLAGS_set=
ac_cv_env_F90FLAGS_value=
ac_cv_env_F90SUFFIX_set=
ac_cv_env_F90SUFFIX_value=
ac_cv_env_F90_set=
ac_cv_env_F90_value=
ac_cv_env_FCFLAGS_set=
ac_cv_env_FCFLAGS_value=
ac_cv_env_FC_set=set
ac_cv_env_FC_value=/nopt/nrel/apps/cpu_stack/compilers/06-24/linux-rhel8-sapphirerapids/gcc-12.3.0/gcc-13.1.0-bmut2ysomhthj6y7oyc73c3cmxye57am/bin/gfortran
ac_cv_env_FORT_SIZE_set=
ac_cv_env_FORT_SIZE_value=
ac_cv_env_FPPFLAGS_set=
ac_cv_env_FPPFLAGS_value=
ac_cv_env_FPP_set=
ac_cv_env_FPP_value=
ac_cv_env_INCLUDEFLAG_set=
ac_cv_env_INCLUDEFLAG_value=
ac_cv_env_INCLUDEPATH_set=
ac_cv_env_INCLUDEPATH_value=
ac_cv_env_LDFLAGS_set=
ac_cv_env_LDFLAGS_value=
ac_cv_env_MACHDEFS_set=
ac_cv_env_MACHDEFS_value=
ac_cv_env_MPIF90_set=
ac_cv_env_MPIF90_value=
ac_cv_env_MPIHEADER_set=
ac_cv_env_MPIHEADER_value=
ac_cv_env_MPILIBS_set=
ac_cv_env_MPILIBS_value=
ac_cv_env_OPT_set=
ac_cv_env_OPT_value=
ac_cv_env_REAL8_set=
ac_cv_env_REAL8_value=
ac_cv_env_build_alias_set=
ac_cv_env_build_alias_value=
ac_cv_env_host_alias_set=
ac_cv_env_host_alias_value=
ac_cv_env_target_alias_set=
ac_cv_env_target_alias_value=
ac_cv_exeext=
ac_cv_f90_compiler_gnu=no
ac_cv_f90_fpp_compiler=yes
ac_cv_f90_fpp_external=no
ac_cv_f90_mangling='lower case, underscore'
ac_cv_f90_mod_uppercase=no
ac_cv_objext=o
ac_cv_prog_FPP=cpp
ac_cv_prog_MPIF90=mpif90
ac_cv_prog_ac_ct_F90=ifort
ac_cv_prog_cc_g=yes
ac_cv_prog_cc_stdc=
ac_cv_prog_f90_version=-V

## ----------------- ##
## Output variables. ##
## ----------------- ##

ALLCFLAGS='-DFORTRAN_UNDERSCORE_ -DSYSLINUX -DCPRINTEL -O'
AR='ar cq'
BABELROOT=''
BIT64=''
CC='/nopt/nrel/apps/cpu_stack/compilers/06-24/linux-rhel8-sapphirerapids/gcc-12.3.0/gcc-13.1.0-bmut2ysomhthj6y7oyc73c3cmxye57am/bin/gcc'
CFLAGS='-g -O2'
COMPILER_ROOT=''
CPPFLAGS=''
CRULE='.c.o'
DEFS='-DPACKAGE_NAME=\"MCT\" -DPACKAGE_TARNAME=\"mct\" -DPACKAGE_VERSION=\"2.0\" -DPACKAGE_STRING=\"MCT\ 2.0\" -DPACKAGE_BUGREPORT=\"\" -DHAVE_MPI=1 '
ECHO_C=''
ECHO_N='-n'
ECHO_T=''
ENDIAN='-convert big_endian'
EXEEXT=''
F90='ifort'
F90FLAGS='-w -ftz -assume byterecl'
F90RULE='.F90.o'
F90RULECPP='.F90RULECPP'
F90SUFFIX='F90'
FC='/nopt/nrel/apps/cpu_stack/compilers/06-24/linux-rhel8-sapphirerapids/gcc-12.3.0/gcc-13.1.0-bmut2ysomhthj6y7oyc73c3cmxye57am/bin/gfortran'
FCFLAGS=''
FORT_SIZE=''
FPP='cpp'
FPPFLAGS='-P -C -N -traditional'
INCLUDEFLAG='-I'
INCLUDEPATH=''
LDFLAGS=''
LIBOBJS=''
LIBS=''
LTLIBOBJS=''
MACHDEFS='-DSYSLINUX -DCPRINTEL'
MPIF90='mpif90'
MPIHEADER=''
MPILIBS=''
MPISERPATH=''
OBJEXT='o'
OPT='-O2'
PACKAGE_BUGREPORT=''
PACKAGE_NAME='MCT'
PACKAGE_STRING='MCT 2.0'
PACKAGE_TARNAME='mct'
PACKAGE_VERSION='2.0'
PATH_SEPARATOR=':'
PYTHON=''
PYTHONOPTS=''
REAL8='-r8'
SHELL='/bin/sh'
ac_ct_CC=''
ac_ct_F90='ifort'
bindir='${exec_prefix}/bin'
build_alias=''
datadir='${prefix}/share'
exec_prefix='${prefix}'
host_alias=''
includedir='${prefix}/include'
infodir='${prefix}/info'
libdir='${exec_prefix}/lib'
libexecdir='${exec_prefix}/libexec'
localstatedir='${prefix}/var'
mandir='${prefix}/man'
oldincludedir='/usr/include'
prefix='/usr/local'
program_transform_name='s,x,x,'
sbindir='${exec_prefix}/sbin'
sharedstatedir='${prefix}/com'
sysconfdir='${prefix}/etc'
target_alias=''

## ----------- ##
## confdefs.h. ##
## ----------- ##

#define HAVE_MPI 1
#define PACKAGE_BUGREPORT ""
#define PACKAGE_NAME "MCT"
#define PACKAGE_STRING "MCT 2.0"
#define PACKAGE_TARNAME "mct"
#define PACKAGE_VERSION "2.0"

configure: exit 0
